main.c:59:6:display7SEG	16	static
main.c:169:6:update7SEG	16	static
main.c:183:6:updateClockBuffer	16	static
main.c:201:6:setTimer0	16	static
main.c:206:6:setTimer1	16	static
main.c:211:6:setTimer2	16	static
main.c:216:6:setTimer3	16	static
main.c:221:6:timer_run	4	static
main.c:240:6:HAL_TIM_PeriodElapsedCallback	16	static
main.c:283:6:updateLEDMatrixRow	24	static
main.c:325:5:main	8	static
main.c:378:6:SystemClock_Config	72	static
main.c:414:13:MX_TIM2_Init	32	static
main.c:458:13:MX_GPIO_Init	32	static
main.c:514:6:Error_Handler	4	static,ignoring_inline_asm
